-- Building for: Visual Studio 17 2022
-- Selecting Windows SDK version 10.0.26100.0 to target Windows 10.0.19044.
-- The CXX compiler identification is MSVC 19.44.35213.0
-- The CUDA compiler identification is NVIDIA 12.4.99 with host compiler MSVC 19.44.35213.0
-- Detecting CXX compiler ABI info
-- Detecting CXX compiler ABI info - done
-- Check for working CXX compiler: C:/Program Files/Microsoft Visual Studio/2022/Community/VC/Tools/MSVC/14.44.35207/bin/Hostx64/x64/cl.exe - skipped
-- Detecting CXX compile features
-- Detecting CXX compile features - done
-- Detecting CUDA compiler ABI info
-- Detecting CUDA compiler ABI info - done
-- Check for working CUDA compiler: C:/Program Files/NVIDIA GPU Computing Toolkit/CUDA/v12.4/bin/nvcc.exe - skipped
-- Detecting CUDA compile features
-- Detecting CUDA compile features - done
-- Found CUDAToolkit: C:/Program Files/NVIDIA GPU Computing Toolkit/CUDA/v12.4/include (found version "12.4.99")
-- The C compiler identification is MSVC 19.44.35213.0
-- Detecting C compiler ABI info
-- Detecting C compiler ABI info - done
-- Check for working C compiler: C:/Program Files/Microsoft Visual Studio/2022/Community/VC/Tools/MSVC/14.44.35207/bin/Hostx64/x64/cl.exe - skipped
-- Detecting C compile features
-- Detecting C compile features - done
-- Performing Test HAVE_X86_64_ASM
-- Performing Test HAVE_X86_64_ASM - Failed
-- Could NOT find Valgrind (missing: Valgrind_INCLUDE_DIR Valgrind_WORKS) 
-- Performing Test C_SUPPORTS__W3
-- Performing Test C_SUPPORTS__W3 - Success
-- Performing Test C_SUPPORTS__WD4146
-- Performing Test C_SUPPORTS__WD4146 - Success
-- Performing Test C_SUPPORTS__WD4244
-- Performing Test C_SUPPORTS__WD4244 - Success
-- Performing Test C_SUPPORTS__WD4267
-- Performing Test C_SUPPORTS__WD4267 - Success


secp256k1 configure summary
===========================
Build artifacts:
  library type ........................ Static
Optional modules:
  ECDH ................................ ON
  ECDSA pubkey recovery ............... OFF
  extrakeys ........................... ON
  schnorrsig .......................... ON
  musig ............................... ON
  ElligatorSwift ...................... ON
Parameters:
  ecmult window size .................. 15
  ecmult gen table size ............... 86 KiB
Optional features:
  assembly ............................ OFF
  external callbacks .................. OFF
Optional binaries:
  benchmark ........................... OFF
  noverify_tests ...................... OFF
  tests ............................... OFF
  exhaustive tests .................... ON
  ctime_tests ......................... OFF
  examples ............................ OFF

Cross compiling ....................... FALSE
API visibility attributes ............. ON
Valgrind .............................. OFF
Preprocessor defined macros ........... ECMULT_WINDOW_SIZE=15 COMB_BLOCKS=43 COMB_TEETH=6 _CRT_SECURE_NO_WARNINGS
C compiler ............................ MSVC 19.44.35213.0, C:/Program Files/Microsoft Visual Studio/2022/Community/VC/Tools/MSVC/14.44.35207/bin/Hostx64/x64/cl.exe
CFLAGS ................................ /DWIN32 /D_WINDOWS
Compile options ....................... $<$<COMPILE_LANGUAGE:CXX>:-Wall> $<$<COMPILE_LANGUAGE:CXX>:-Wextra> $<$<COMPILE_LANGUAGE:CXX>:-Wpedantic> $<$<COMPILE_LANGUAGE:CXX>:-fno-omit-frame-pointer> $<$<COMPILE_LANGUAGE:CUDA>:-Xcompiler=-fno-omit-frame-pointer> $<$<COMPILE_LANGUAGE:CUDA>:--expt-relaxed-constexpr> $<$<COMPILE_LANGUAGE:CUDA>:-lineinfo> /W3 /wd4146 /wd4244 /wd4267
Build type:
 - CMAKE_BUILD_TYPE ................... Release
 - CFLAGS ............................. /O2 /Ob2 
 - LDFLAGS for executables ............ /INCREMENTAL:NO
 - LDFLAGS for shared libraries ....... /INCREMENTAL:NO

